// Jest Snapshot v1, https://goo.gl/fbAQLP

exports[`<Pergunta /> should match snapshot 1`] = `
<div
  className="pergunta__container"
>
  <p
    className="pergunta__title"
  >
    <span
      className="pergunta__number"
    >
      1
      . 
    </span>
    Legalização do aborto para todos os casos.
  </p>
  <div
    className="pergunta__lista-respostas"
  >
    <RespostaRadioButton
      checked={false}
      htmlFor="1_0"
      id={1}
      key="DP"
      label="Discordo plenamente"
      value="DP"
    />
    <RespostaRadioButton
      checked={false}
      htmlFor="1_1"
      id={1}
      key="D"
      label="Discordo"
      value="D"
    />
    <RespostaRadioButton
      checked={false}
      htmlFor="1_2"
      id={1}
      key="C"
      label="Concordo"
      value="C"
    />
    <RespostaRadioButton
      checked={false}
      htmlFor="1_3"
      id={1}
      key="CP"
      label="Concordo plenamente"
      value="CP"
    />
  </div>
</div>
`;
