// Jest Snapshot v1, https://goo.gl/fbAQLP

exports[`<Pergunta /> should match snapshot 1`] = `
<div
  className="pergunta__container"
>
  <p
    className="pergunta__title"
  >
    <span
      className="pergunta__number"
    >
      1
      . 
    </span>
    Legalização do aborto para todos os casos.
  </p>
  <div
    className="pergunta__lista-respostas"
  >
    <RespostaRadioButton
      htmlFor="1_0"
      id={1}
      key="-2"
      label="Discordo plenamente"
      value={-2}
    />
    <RespostaRadioButton
      htmlFor="1_1"
      id={1}
      key="-1"
      label="Discordo"
      value={-1}
    />
    <RespostaRadioButton
      htmlFor="1_2"
      id={1}
      key="1"
      label="Concordo"
      value={1}
    />
    <RespostaRadioButton
      htmlFor="1_3"
      id={1}
      key="2"
      label="Concordo plenamente"
      value={2}
    />
  </div>
</div>
`;
