// Jest Snapshot v1, https://goo.gl/fbAQLP

exports[`<Header /> should match snapshot 1`] = `
<React.Fragment>
  <header
    className="header"
  >
    <Link
      replace={false}
      to="/"
    >
      <img
        alt="Logotipo escrito Vota em branco e SP em amarelo."
        className="logo"
        src="test-file-stub"
      />
    </Link>
    <nav
      className="navigation-menu"
    >
      <Link
        className="navigation-menu__link"
        replace={false}
        to="/como-funciona"
      >
        Como funciona
      </Link>
      <button
        className="navigation-menu__link"
        onClick={[Function]}
      >
        Sair
      </button>
    </nav>
  </header>
</React.Fragment>
`;
