// Jest Snapshot v1, https://goo.gl/fbAQLP

exports[`<Header /> should match snapshot 1`] = `
<Fragment>
  <header
    className="header"
  >
    <Link
      replace={false}
      to="/"
    >
      <img
        alt="Logotipo escrito Vota em branco e SP em amarelo."
        className="logo"
        src="test-file-stub"
      />
    </Link>
    <withRouter(MainMenu) />
  </header>
</Fragment>
`;
