// Jest Snapshot v1, https://goo.gl/fbAQLP

exports[`<WelcomeMessage /> should match snapshot 1`] = `
<section>
  <div
    className="container welcome-text"
  >
    <h2>
      <strong>
        BEM-VINDO
      </strong>
    </h2>
    <p>
      O projeto 
      VotaSP
       nasceu com o objetivo de ajudar a população do estado de 
      São Paulo
       a escolher seus candidatos. Através de questões objetivas os eleitores podem verificar suas afinidades com os candidatos.
      <br />
      <strong>
        É muito simples e prático!
      </strong>
    </p>
    <Link
      className="btn btn-primary"
      replace={false}
      to="/perguntas"
    >
      Começar
    </Link>
  </div>
</section>
`;
