// Jest Snapshot v1, https://goo.gl/fbAQLP

exports[`<Deputado /> should match snapshot 1`] = `
<div
  className="deputado-list-item"
>
  <div
    className="photo"
  >
    <div
      className="photo-container"
    >
      <img
        alt="Foto do candidato Nome do Candidato 1"
        src="http://via.placeholder.com/150x150?text=Foto"
      />
    </div>
  </div>
  <div
    className="info"
  >
    <div>
      <a
        href="/perfil/undefined"
      >
        <span
          className="candidate-name"
        >
          Nome do Candidato 1
        </span>
      </a>
      <span
        className="candidate-number"
      >
        999
      </span>
    </div>
    <div>
      <span
        className="partido-name"
      >
        Nome Partido 1
      </span>
    </div>
    <div>
      Afinidade: 
      <span
        className="match-percent"
      >
        80
        %
      </span>
    </div>
  </div>
</div>
`;
