// Jest Snapshot v1, https://goo.gl/fbAQLP

exports[`QuestionsMenu should match a snapshot 1`] = `
<div
  className="questions-menu"
>
  <button
    className="questions-button"
    onClick={[Function]}
    type="button"
  >
    Questões
    <div
      className="arrow-down"
    />
  </button>
</div>
`;

exports[`QuestionsMenu should match a snapshot when menu is open 1`] = `
<div
  className="questions-menu"
>
  <button
    className="questions-button"
    onClick={[Function]}
    type="button"
  >
    Questões
    <div
      className="arrow-up"
    />
  </button>
  <div
    className="questions-board"
  >
    <ul>
      <li
        className="question-item question-answered"
        key="1"
      >
        1
      </li>
      <li
        className="question-item"
        key="2"
      >
        2
      </li>
      <li
        className="question-item"
        key="3"
      >
        3
      </li>
      <li
        className="question-item"
        key="4"
      >
        4
      </li>
      <li
        className="question-item"
        key="5"
      >
        5
      </li>
      <li
        className="question-item"
        key="6"
      >
        6
      </li>
      <li
        className="question-item"
        key="7"
      >
        7
      </li>
      <li
        className="question-item"
        key="8"
      >
        8
      </li>
      <li
        className="question-item"
        key="9"
      >
        9
      </li>
      <li
        className="question-item"
        key="10"
      >
        10
      </li>
      <li
        className="question-item"
        key="11"
      >
        11
      </li>
      <li
        className="question-item"
        key="12"
      >
        12
      </li>
      <li
        className="question-item"
        key="13"
      >
        13
      </li>
      <li
        className="question-item question-answered"
        key="14"
      >
        14
      </li>
      <li
        className="question-item"
        key="15"
      >
        15
      </li>
      <li
        className="question-item"
        key="16"
      >
        16
      </li>
      <li
        className="question-item"
        key="17"
      >
        17
      </li>
      <li
        className="question-item"
        key="18"
      >
        18
      </li>
      <li
        className="question-item"
        key="19"
      >
        19
      </li>
      <li
        className="question-item question-answered"
        key="20"
      >
        20
      </li>
      <li
        className="question-item"
        key="21"
      >
        21
      </li>
      <li
        className="question-item"
        key="22"
      >
        22
      </li>
      <li
        className="question-item"
        key="23"
      >
        23
      </li>
      <li
        className="question-item"
        key="24"
      >
        24
      </li>
      <li
        className="question-item"
        key="25"
      >
        25
      </li>
      <li
        className="question-item"
        key="26"
      >
        26
      </li>
      <li
        className="question-item"
        key="27"
      >
        27
      </li>
      <li
        className="question-item"
        key="28"
      >
        28
      </li>
      <li
        className="question-item"
        key="29"
      >
        29
      </li>
      <li
        className="question-item current-question"
        key="30"
      >
        30
      </li>
      <li
        className="question-item"
        key="31"
      >
        31
      </li>
      <li
        className="question-item"
        key="32"
      >
        32
      </li>
      <li
        className="question-item"
        key="33"
      >
        33
      </li>
      <li
        className="question-item"
        key="34"
      >
        34
      </li>
      <li
        className="question-item"
        key="35"
      >
        35
      </li>
      <li
        className="question-item question-answered"
        key="36"
      >
        36
      </li>
      <li
        className="question-item"
        key="37"
      >
        37
      </li>
      <li
        className="question-item"
        key="38"
      >
        38
      </li>
      <li
        className="question-item"
        key="39"
      >
        39
      </li>
      <li
        className="question-item"
        key="40"
      >
        40
      </li>
      <li
        className="current-question"
      />
    </ul>
  </div>
</div>
`;
